// Jest Snapshot v1, https://goo.gl/fbAQLP

exports[`snapshot test of Garden component 1`] = `ShallowWrapper {}`;
