// Jest Snapshot v1, https://goo.gl/fbAQLP

exports[`snapshot test of Login component 1`] = `ShallowWrapper {}`;
